// Jest Snapshot v1, https://goo.gl/fbAQLP

exports[`Avatar Component should match snapshot 1`] = `
<View
  testID="wrapper"
>
  <View
    style={
      {
        "display": "flex",
        "flexDirection": "column",
        "height": 34,
        "justifyContent": "center",
        "width": 34,
      }
    }
  >
    <View
      accessibilityIgnoresInvertColors={true}
      style={
        {
          "backgroundColor": "transparent",
          "flex": 1,
          "overflow": "hidden",
          "position": "relative",
        }
      }
    >
      <Image
        onLoad={[Function]}
        source={
          {
            "uri": "https://i.imgur.com/0y8Ftya.jpg",
          }
        }
        style={
          {
            "bottom": 0,
            "flex": 1,
            "left": 0,
            "position": "absolute",
            "right": 0,
            "top": 0,
          }
        }
        testID="RNE__Avatar__Image"
        transitionDuration={360}
      />
      <View
        accessibilityElementsHidden={true}
        collapsable={false}
        importantForAccessibility="no-hide-descendants"
        pointerEvents="none"
        style={
          {
            "bottom": 0,
            "left": 0,
            "opacity": 1,
            "position": "absolute",
            "right": 0,
            "top": 0,
          }
        }
      >
        <View
          style={
            {
              "alignItems": "center",
              "backgroundColor": "#bdbdbd",
              "flex": 1,
              "justifyContent": "center",
            }
          }
          testID="RNE__Image__placeholder"
        />
      </View>
      <View
        style={
          {
            "flex": 1,
          }
        }
        testID="RNE__Image__children__container"
      />
    </View>
  </View>
</View>
`;
